src/components/editor/index.tsx(33,22): error TS2322: Type '{ namespace: string; theme: EditorThemeClasses; editorState: string | false; nodes: KlassConstructor<typeof LexicalNode>[]; onError: (error: Error) => never; editable: boolean; }' is not assignable to type 'Readonly<{ namespace: string; nodes?: readonly (KlassConstructor<typeof LexicalNode> | LexicalNodeReplacement)[] | undefined; onError: (error: Error, editor: LexicalEditor) => void; editable?: boolean | undefined; theme?: EditorThemeClasses | undefined; editorState?: InitialEditorStateType | undefined; html?: HTMLCo...'.
  Types of property 'editorState' are incompatible.
    Type 'string | false' is not assignable to type 'InitialEditorStateType | undefined'.
      Type 'false' is not assignable to type 'InitialEditorStateType | undefined'.
src/components/editor/nodes/DynamicBlockNode/DynamicBlockComponent.tsx(30,22): error TS2554: Expected 1 arguments, but got 0.
src/components/editor/nodes/StoryBuilderNode/StoryBuilderComponent.tsx(76,11): error TS2353: Object literal may only specify known properties, and 'consequence' does not exist in type 'StoryChoice'.
src/components/editor/nodes/StoryBuilderNode/StoryBuilderComponent.tsx(246,73): error TS2339: Property 'estimatedReadTime' does not exist on type 'StoryNode'.
src/components/editor/nodes/StoryBuilderNode/StoryBuilderComponent.tsx(350,61): error TS2339: Property 'icon' does not exist on type 'StoryChoice'.
src/components/editor/nodes/StoryBuilderNode/StoryBuilderComponent.tsx(355,37): error TS2339: Property 'consequence' does not exist on type 'StoryChoice'.
src/components/editor/nodes/StoryBuilderNode/StoryBuilderComponent.tsx(357,43): error TS2339: Property 'consequence' does not exist on type 'StoryChoice'.
src/components/editor/nodes/StoryBuilderNode/StoryBuilderComponent.tsx(439,45): error TS2322: Type '{ children: string; value: string; size: string; }' is not assignable to type 'IntrinsicAttributes & Omit<TabsTriggerProps & RefAttributes<HTMLButtonElement>, "ref"> & RefAttributes<...>'.
  Property 'size' does not exist on type 'IntrinsicAttributes & Omit<TabsTriggerProps & RefAttributes<HTMLButtonElement>, "ref"> & RefAttributes<...>'.
src/components/editor/nodes/StoryBuilderNode/StoryBuilderComponent.tsx(440,45): error TS2322: Type '{ children: string; value: string; size: string; }' is not assignable to type 'IntrinsicAttributes & Omit<TabsTriggerProps & RefAttributes<HTMLButtonElement>, "ref"> & RefAttributes<...>'.
  Property 'size' does not exist on type 'IntrinsicAttributes & Omit<TabsTriggerProps & RefAttributes<HTMLButtonElement>, "ref"> & RefAttributes<...>'.
src/components/editor/nodes/StoryBuilderNode/StoryBuilderNode.tsx(87,5): error TS2322: Type '{ nodes: StoryNode[]; currentNodeId: string; title: string; type: string; version: number; }' is not assignable to type 'SerializedStoryBuilderNode'.
  Type '{ nodes: StoryNode[]; currentNodeId: string; title: string; type: string; version: number; }' is missing the following properties from type 'Omit<SerializedElementNode, "title" | "nodes" | "currentNodeId">': format, children, direction, indent
src/components/editor/plugins/CodeHighlightPlugin/index.ts(13,48): error TS2503: Cannot find namespace 'JSX'.
src/components/editor/utils/ai.test.ts(20,136): error TS2345: Argument of type 'any' is not assignable to parameter of type 'never'.
src/components/editor/utils/ai.test.ts(25,130): error TS2345: Argument of type 'any' is not assignable to parameter of type 'never'.
src/components/editor/utils/setFloatingElemPosition.ts(17,21): error TS2339: Property 'contentEditable' does not exist on type 'Element'.
src/components/ui/ai/ai-button.tsx(52,5): error TS2353: Object literal may only specify known properties, and 'onResponse' does not exist in type 'UseCompletionOptions & { experimental_throttle?: number | undefined; }'.
src/components/ui/ai/ai-button.tsx(52,18): error TS7006: Parameter 'response' implicitly has an 'any' type.
src/components/ui/excalidraw/ExcalidrawModal.tsx(250,48): error TS2322: Type '{ children: Element[]; className: string; showClose: boolean; }' is not assignable to type 'IntrinsicAttributes & Omit<DialogContentProps & RefAttributes<HTMLDivElement>, "ref"> & RefAttributes<...>'.
  Property 'showClose' does not exist on type 'IntrinsicAttributes & Omit<DialogContentProps & RefAttributes<HTMLDivElement>, "ref"> & RefAttributes<...>'.
src/components/ui/excalidraw/ExcalidrawModal.tsx(298,24): error TS18049: 'els' is possibly 'null' or 'undefined'.
src/components/ui/excalidraw/ExcalidrawModal.tsx(298,39): error TS18049: 'initialElements' is possibly 'null' or 'undefined'.
src/components/ui/excalidraw/ExcalidrawModal.tsx(299,7): error TS18049: 'els' is possibly 'null' or 'undefined'.
src/components/ui/excalidraw/ExcalidrawModal.tsx(299,67): error TS18049: 'initialElements' is possibly 'null' or 'undefined'.
src/components/ui/excalidraw/ExcalidrawModal.tsx(333,11): error TS2322: Type '{ initial: { opacity: number; scale: number; y: number; }; animate: { opacity: number; scale: number; y: number; transition: { type: string; stiffness: number; damping: number; }; }; exit: { opacity: number; scale: number; y: number; transition: { ...; }; }; }' is not assignable to type 'Variants'.
  Property 'animate' is incompatible with index signature.
    Type '{ opacity: number; scale: number; y: number; transition: { type: string; stiffness: number; damping: number; }; }' is not assignable to type 'Variant'.
      Type '{ opacity: number; scale: number; y: number; transition: { type: string; stiffness: number; damping: number; }; }' is not assignable to type 'TargetAndTransition'.
        Type '{ opacity: number; scale: number; y: number; transition: { type: string; stiffness: number; damping: number; }; }' is not assignable to type '{ transition?: Transition<any> | undefined; transitionEnd?: ResolvedValues | undefined; }'.
          Types of property 'transition' are incompatible.
            Type '{ type: string; stiffness: number; damping: number; }' is not assignable to type 'Transition<any> | undefined'.
              Type '{ type: string; stiffness: number; damping: number; }' is not assignable to type 'TransitionWithValueOverrides<any>'.
                Type '{ type: string; stiffness: number; damping: number; }' is not assignable to type 'ValueAnimationTransition<any>'.
                  Types of property 'type' are incompatible.
                    Type 'string' is not assignable to type 'AnimationGeneratorType | undefined'.
src/components/ui/models/custom-dialog.tsx(199,7): error TS2698: Spread types may only be created from object types.
src/components/ui/models/custom-dialog.tsx(418,7): error TS2698: Spread types may only be created from object types.
src/utils/html.tsx(629,70): error TS2339: Property 'icon' does not exist on type 'StoryNode'.
src/utils/html.tsx(634,57): error TS2339: Property 'consequence' does not exist on type 'StoryNode'.
src/utils/html.tsx(637,63): error TS2339: Property 'consequence' does not exist on type 'StoryNode'.
src/utils/html.tsx(686,23): error TS7053: Element implicitly has an 'any' type because expression of type 'any' can't be used to index type '{ neutral: { bg: string; border: string; text: string; }; happy: { bg: string; border: string; text: string; }; sad: { bg: string; border: string; text: string; }; mysterious: { bg: string; border: string; text: string; }; exciting: { ...; }; dark: { ...; }; }'.
src/utils/html.tsx(714,14): error TS7006: Parameter 'tag' implicitly has an 'any' type.
